{
  "description" : "A boolean.",
  "title" : "b",
  "type" : "boolean"
}