{
  "enum" : [
    true,
    "blob"
  ],
  "title" : "Enum"
}