{
  "description" : "A number.",
  "maximum" : 20.2,
  "minimum" : 10.1,
  "title" : "n",
  "type" : "number"
}