{
  "title" : "Union",
  "type" : [
    "string",
    "boolean"
  ]
}