{
  "description" : "A nullable property.",
  "title" : "Nullable",
  "type" : "null"
}