{
  "description" : "An integer",
  "maximum" : 20,
  "minimum" : 10,
  "title" : "Integer",
  "type" : "integer"
}