[
  {
    "created_at" : 777686695.975939,
    "download_url" : "https:\/\/vlqqczxwyaodtcdmdmlw.supabase.co\/storage\/v1\/object\/public\/cactus-models\/qwen3-0.6.zip",
    "name" : "Qwen 3 0.6B",
    "size_mb" : 394,
    "slug" : "qwen3-0.6",
    "supports_tool_calling" : true,
    "supports_vision" : false
  },
  {
    "created_at" : 779218283,
    "download_url" : "https:\/\/vlqqczxwyaodtcdmdmlw.supabase.co\/storage\/v1\/object\/public\/cactus-models\/qwen3-0.6-embed.zip",
    "name" : "Qwen 3 0.6B Embed",
    "size_mb" : 394,
    "slug" : "qwen3-0.6-embed",
    "supports_tool_calling" : false,
    "supports_vision" : false
  },
  {
    "created_at" : 780282079.968534,
    "download_url" : "https:\/\/vlqqczxwyaodtcdmdmlw.supabase.co\/storage\/v1\/object\/public\/cactus-models\/qwen3-1.7.zip",
    "name" : "Qwen 3 1.7B",
    "size_mb" : 1161,
    "slug" : "qwen3-1.7",
    "supports_tool_calling" : true,
    "supports_vision" : false
  },
  {
    "created_at" : 782069077.706082,
    "download_url" : "https:\/\/vlqqczxwyaodtcdmdmlw.supabase.co\/storage\/v1\/object\/public\/cactus-models\/gemma3-270m.zip",
    "name" : "Gemma 3 270M",
    "size_mb" : 172,
    "slug" : "gemma3-270m",
    "supports_tool_calling" : false,
    "supports_vision" : false
  },
  {
    "created_at" : 782069136.302133,
    "download_url" : "https:\/\/vlqqczxwyaodtcdmdmlw.supabase.co\/storage\/v1\/object\/public\/cactus-models\/gemma3-1b.zip",
    "name" : "Gemma 3 1B",
    "size_mb" : 642,
    "slug" : "gemma3-1b",
    "supports_tool_calling" : false,
    "supports_vision" : false
  }
]