▿ Properties
  - attentionHeadDimensions: 128
  - attentionHeads: 16
  - attentionKVHeads: 8
  - beginningOfSequenceTokenId: 151643
  - contextLength: 40960
  - endOfSequenceTokenId: 151645
  - expertCount: 0
  - ffnIntermediateDimensions: 3072
  - hiddenDimensions: 1024
  - layerCount: 28
  - layerNormEpsilon: 1e-06
  ▿ modelType: ModelType
    - defaultTemperature: 0.6
    - defaultTopK: 20
    - defaultTopP: 0.95
    - identifier: "qwen"
  - moeEveryNLayers: 0
  ▿ precision: Precision
    - bits: 16
    - isFloatingPoint: true
  - ropeTheta: 1000000.0
  - sharedExpertCount: 0
  - shouldTieWordEmbeddings: true
  - topExpertCount: 0
  - vocabularySize: 151936
