{
  "decode_tokens" : 200,
  "prefill_tokens" : 34,
  "response" : "<think>\nOkay, the user asked \"What is the meaning of life?\" as a philosophical question. As a philosopher and someone with deep intellectual curiosity, my answer should be both comprehensive and thoughtful.\n\nFirstly, I can't provide a single answer because the concept of \"life\" is too broad to encompass all possible meanings. Instead, I need to explore various perspectives on this question across different cultures and philosophies.\n\nI should start by acknowledging that there isn't a universal answer because each person has their own experiences and values that shape their understanding of life's meaning.\n\nNext, I can mention key philosophical perspectives such as existentialism (SÃ¸ren Kierkegaard), existentialist views on freedom and purpose, which emphasize individual responsibility and self-determination in life.\n\nThen I can touch upon religious perspectives like Christianity or Buddhism that offer specific teachings about life's purpose. These could include concepts related to love (Christianity), compassion (Buddhism), and meaning in daily experiences.\n\nIt would also",
  "time_to_first_token_ms" : 552.52,
  "tokens_per_second" : 32.68,
  "tool_calls" : [

  ],
  "total_time_ms" : 6642.65,
  "total_tokens" : 234
}