{
  "decode_tokens" : 118,
  "prefill_tokens" : 208,
  "response" : "<think>\nOkay, the user is asking about the weather in San Francisco. I need to use the get_weather function here. The function requires a location parameter, which in this case is \"San Francisco\". Since they didn't specify any other details, I'll call the function with that location. There's no need to use any other tools here because it's a straightforward query for weather information.\n<\/think>",
  "time_to_first_token_ms" : 2587.52,
  "tokens_per_second" : 29.63,
  "tool_calls" : [
    {
      "arguments" : {
        "location" : "San Francisco"
      },
      "name" : "get_weather"
    }
  ],
  "total_time_ms" : 6536.34,
  "total_tokens" : 326
}